[UnityCrossThreadLogger]Draft.Notify {"draftId":"22d4d8a4-7965-4a5c-8707-9b43274d7272","SelfPick":1,"SelfPack":1,"PackCards":"92266,92098,92114,92179,92260,92172,92248,92173,92152,92238,92190,92276,92256,92367"}
[UnityCrossThreadLogger]Draft.Notify {"draftId":"22d4d8a4-7965-4a5c-8707-9b43274d7272","SelfPick":1,"SelfPack":1,"PackCards":"92266,92098,92114,92179,92260,92172,92248,92173,92152,92238,92190,92276,92256,92367"}
[UnityCrossThreadLogger]==> EventPlayerDraftMakePick {"id":"3c28d484-790b-4c27-b39e-c2f964814ed5","request":"{\"DraftId\":\"22d4d8a4-7965-4a5c-8707-9b43274d7272\",\"GrpIds\":[92098],\"Pack\":1,\"Pick\":1}"}
[UnityCrossThreadLogger]Draft.Notify {"draftId":"22d4d8a4-7965-4a5c-8707-9b43274d7272","SelfPick":2,"SelfPack":1,"PackCards":"92267,92251,92100,92155,92237,92260,92149,92055,92255,92123,92308,92259,92368"}
[UnityCrossThreadLogger]Draft.Notify {"draftId":"22d4d8a4-7965-4a5c-8707-9b43274d7272","SelfPick":2,"SelfPack":1,"PackCards":"92267,92251,92100,92155,92237,92260,92149,92055,92255,92123,92308,92259,92368"}
[UnityCrossThreadLogger]==> EventPlayerDraftMakePick {"id":"e702cf6b-c9bc-4472-815a-368920efd065","request":"{\"DraftId\":\"22d4d8a4-7965-4a5c-8707-9b43274d7272\",\"GrpIds\":[92100],\"Pack\":1,\"Pick\":2}"}
[UnityCrossThreadLogger]Draft.Notify {"draftId":"22d4d8a4-7965-4a5c-8707-9b43274d7272","SelfPick":3,"SelfPack":1,"PackCards":"92267,92140,92148,92194,92088,92115,92222,92254,92309,92185,92092,92372"}
[UnityCrossThreadLogger]Draft.Notify {"draftId":"22d4d8a4-7965-4a5c-8707-9b43274d7272","SelfPick":3,"SelfPack":1,"PackCards":"92267,92140,92148,92194,92088,92115,92222,92254,92309,92185,92092,92372"}
[UnityCrossThreadLogger]==> EventPlayerDraftMakePick {"id":"4b639473-c27c-416a-80f5-70ef6891fe17","request":"{\"DraftId\":\"22d4d8a4-7965-4a5c-8707-9b43274d7272\",\"GrpIds\":[92092],\"Pack\":1,\"Pick\":3}"}
[UnityCrossThreadLogger]Draft.Notify {"draftId":"22d4d8a4-7965-4a5c-8707-9b43274d7272","SelfPick":4,"SelfPack":1,"PackCards":"92274,92228,92069,92173,92131,92112,92343,92141,92087,92234,92373"}
[UnityCrossThreadLogger]Draft.Notify {"draftId":"22d4d8a4-7965-4a5c-8707-9b43274d7272","SelfPick":4,"SelfPack":1,"PackCards":"92274,92228,92069,92173,92131,92112,92343,92141,92087,92234,92373"}
[UnityCrossThreadLogger]==> EventPlayerDraftMakePick {"id":"4365ec14-49bd-49e7-9708-af246c13deb3","request":"{\"DraftId\":\"22d4d8a4-7965-4a5c-8707-9b43274d7272\",\"GrpIds\":[92087],\"Pack\":1,\"Pick\":4}"}
[UnityCrossThreadLogger]Draft.Notify {"draftId":"22d4d8a4-7965-4a5c-8707-9b43274d7272","SelfPick":5,"SelfPack":1,"PackCards":"92255,92219,92173,92114,92157,92280,92283,92056,92192,92366"}
[UnityCrossThreadLogger]Draft.Notify {"draftId":"22d4d8a4-7965-4a5c-8707-9b43274d7272","SelfPick":5,"SelfPack":1,"PackCards":"92255,92219,92173,92114,92157,92280,92283,92056,92192,92366"}
[UnityCrossThreadLogger]==> EventPlayerDraftMakePick {"id":"d365ddb8-50b8-465f-abd9-1966ff91db05","request":"{\"DraftId\":\"22d4d8a4-7965-4a5c-8707-9b43274d7272\",\"GrpIds\":[92173],\"Pack\":1,\"Pick\":5}"}
[UnityCrossThreadLogger]Draft.Notify {"draftId":"22d4d8a4-7965-4a5c-8707-9b43274d7272","SelfPick":6,"SelfPack":1,"PackCards":"92222,92112,92115,92167,92349,92084,92182,92252,92380"}
[UnityCrossThreadLogger]Draft.Notify {"draftId":"22d4d8a4-7965-4a5c-8707-9b43274d7272","SelfPick":6,"SelfPack":1,"PackCards":"92222,92112,92115,92167,92349,92084,92182,92252,92380"}
[UnityCrossThreadLogger]==> EventPlayerDraftMakePick {"id":"017ff427-7a3c-485b-8e8d-af0ca75bb8a9","request":"{\"DraftId\":\"22d4d8a4-7965-4a5c-8707-9b43274d7272\",\"GrpIds\":[92084],\"Pack\":1,\"Pick\":6}"}
[UnityCrossThreadLogger]Draft.Notify {"draftId":"22d4d8a4-7965-4a5c-8707-9b43274d7272","SelfPick":7,"SelfPack":1,"PackCards":"92167,92240,92091,92283,92114,92248,92082,92362"}
[UnityCrossThreadLogger]Draft.Notify {"draftId":"22d4d8a4-7965-4a5c-8707-9b43274d7272","SelfPick":7,"SelfPack":1,"PackCards":"92167,92240,92091,92283,92114,92248,92082,92362"}
[UnityCrossThreadLogger]==> EventPlayerDraftMakePick {"id":"c05c1672-fcfb-45fb-914a-7286249746a6","request":"{\"DraftId\":\"22d4d8a4-7965-4a5c-8707-9b43274d7272\",\"GrpIds\":[92167],\"Pack\":1,\"Pick\":7}"}
[UnityCrossThreadLogger]Draft.Notify {"draftId":"22d4d8a4-7965-4a5c-8707-9b43274d7272","SelfPick":8,"SelfPack":1,"PackCards":"92222,92257,92274,92255,92229,92183,92376"}
[UnityCrossThreadLogger]Draft.Notify {"draftId":"22d4d8a4-7965-4a5c-8707-9b43274d7272","SelfPick":8,"SelfPack":1,"PackCards":"92222,92257,92274,92255,92229,92183,92376"}
[UnityCrossThreadLogger]==> EventPlayerDraftMakePick {"id":"f9d88754-f88c-4934-ba7e-3b04613e5c29","request":"{\"DraftId\":\"22d4d8a4-7965-4a5c-8707-9b43274d7272\",\"GrpIds\":[92183],\"Pack\":1,\"Pick\":8}"}
[UnityCrossThreadLogger]Draft.Notify {"draftId":"22d4d8a4-7965-4a5c-8707-9b43274d7272","SelfPick":9,"SelfPack":1,"PackCards":"92260,92172,92248,92173,92276,92367"}
[UnityCrossThreadLogger]Draft.Notify {"draftId":"22d4d8a4-7965-4a5c-8707-9b43274d7272","SelfPick":9,"SelfPack":1,"PackCards":"92260,92172,92248,92173,92276,92367"}
[UnityCrossThreadLogger]==> EventPlayerDraftMakePick {"id":"21bc8680-a9bb-40fa-8543-2a3490a67ef6","request":"{\"DraftId\":\"22d4d8a4-7965-4a5c-8707-9b43274d7272\",\"GrpIds\":[92173],\"Pack\":1,\"Pick\":9}"}
[UnityCrossThreadLogger]Draft.Notify {"draftId":"22d4d8a4-7965-4a5c-8707-9b43274d7272","SelfPick":10,"SelfPack":1,"PackCards":"92267,92237,92149,92255,92259"}
[UnityCrossThreadLogger]Draft.Notify {"draftId":"22d4d8a4-7965-4a5c-8707-9b43274d7272","SelfPick":10,"SelfPack":1,"PackCards":"92267,92237,92149,92255,92259"}
[UnityCrossThreadLogger]==> EventPlayerDraftMakePick {"id":"05880019-b020-4558-a89f-1d9273d3eb2e","request":"{\"DraftId\":\"22d4d8a4-7965-4a5c-8707-9b43274d7272\",\"GrpIds\":[92259],\"Pack\":1,\"Pick\":10}"}
[UnityCrossThreadLogger]Draft.Notify {"draftId":"22d4d8a4-7965-4a5c-8707-9b43274d7272","SelfPick":11,"SelfPack":1,"PackCards":"92267,92140,92088,92372"}
[UnityCrossThreadLogger]Draft.Notify {"draftId":"22d4d8a4-7965-4a5c-8707-9b43274d7272","SelfPick":11,"SelfPack":1,"PackCards":"92267,92140,92088,92372"}
[UnityCrossThreadLogger]==> EventPlayerDraftMakePick {"id":"50a9781a-2083-4a58-bd4d-e1bbefcdf6c0","request":"{\"DraftId\":\"22d4d8a4-7965-4a5c-8707-9b43274d7272\",\"GrpIds\":[92088],\"Pack\":1,\"Pick\":11}"}
[UnityCrossThreadLogger]Draft.Notify {"draftId":"22d4d8a4-7965-4a5c-8707-9b43274d7272","SelfPick":12,"SelfPack":1,"PackCards":"92112,92343,92373"}
[UnityCrossThreadLogger]Draft.Notify {"draftId":"22d4d8a4-7965-4a5c-8707-9b43274d7272","SelfPick":12,"SelfPack":1,"PackCards":"92112,92343,92373"}
[UnityCrossThreadLogger]==> EventPlayerDraftMakePick {"id":"d2d95020-c072-49cd-b47c-c8de418aa557","request":"{\"DraftId\":\"22d4d8a4-7965-4a5c-8707-9b43274d7272\",\"GrpIds\":[92343],\"Pack\":1,\"Pick\":12}"}
[UnityCrossThreadLogger]Draft.Notify {"draftId":"22d4d8a4-7965-4a5c-8707-9b43274d7272","SelfPick":13,"SelfPack":1,"PackCards":"92255,92157"}
[UnityCrossThreadLogger]Draft.Notify {"draftId":"22d4d8a4-7965-4a5c-8707-9b43274d7272","SelfPick":13,"SelfPack":1,"PackCards":"92255,92157"}
[UnityCrossThreadLogger]==> EventPlayerDraftMakePick {"id":"1c49998e-8d70-42d7-ae4f-bb73bf5f9d76","request":"{\"DraftId\":\"22d4d8a4-7965-4a5c-8707-9b43274d7272\",\"GrpIds\":[92157],\"Pack\":1,\"Pick\":13}"}
[UnityCrossThreadLogger]Draft.Notify {"draftId":"22d4d8a4-7965-4a5c-8707-9b43274d7272","SelfPick":14,"SelfPack":1,"PackCards":"92380"}
[UnityCrossThreadLogger]Draft.Notify {"draftId":"22d4d8a4-7965-4a5c-8707-9b43274d7272","SelfPick":14,"SelfPack":1,"PackCards":"92380"}
[UnityCrossThreadLogger]==> EventPlayerDraftMakePick {"id":"8f535608-e8ff-4161-a69d-7588b2eecaf5","request":"{\"DraftId\":\"22d4d8a4-7965-4a5c-8707-9b43274d7272\",\"GrpIds\":[92380],\"Pack\":1,\"Pick\":14}"}
[UnityCrossThreadLogger]Draft.Notify {"draftId":"22d4d8a4-7965-4a5c-8707-9b43274d7272","SelfPick":1,"SelfPack":2,"PackCards":"92291,92244,92188,92055,92349,92268,92080,92143,92187,92231,92269,92325,92078,92377"}
[UnityCrossThreadLogger]Draft.Notify {"draftId":"22d4d8a4-7965-4a5c-8707-9b43274d7272","SelfPick":1,"SelfPack":2,"PackCards":"92291,92244,92188,92055,92349,92268,92080,92143,92187,92231,92269,92325,92078,92377"}
[UnityCrossThreadLogger]==> EventPlayerDraftMakePick {"id":"d51d5e7d-ff53-48c3-8993-a8405dad82df","request":"{\"DraftId\":\"22d4d8a4-7965-4a5c-8707-9b43274d7272\",\"GrpIds\":[92078],\"Pack\":2,\"Pick\":1}"}
[UnityCrossThreadLogger]Draft.Notify {"draftId":"22d4d8a4-7965-4a5c-8707-9b43274d7272","SelfPick":2,"SelfPack":2,"PackCards":"92118,92174,92262,92172,92100,92115,92280,92084,92121,92276,92162,92099,92375"}
[UnityCrossThreadLogger]Draft.Notify {"draftId":"22d4d8a4-7965-4a5c-8707-9b43274d7272","SelfPick":2,"SelfPack":2,"PackCards":"92118,92174,92262,92172,92100,92115,92280,92084,92121,92276,92162,92099,92375"}
[UnityCrossThreadLogger]==> EventPlayerDraftMakePick {"id":"7cb22bde-69e7-4e7c-a0e9-16d758e7e517","request":"{\"DraftId\":\"22d4d8a4-7965-4a5c-8707-9b43274d7272\",\"GrpIds\":[92100],\"Pack\":2,\"Pick\":2}"}
[UnityCrossThreadLogger]Draft.Notify {"draftId":"22d4d8a4-7965-4a5c-8707-9b43274d7272","SelfPick":3,"SelfPack":2,"PackCards":"92175,92194,92179,92148,92056,92251,92289,92217,92303,92351,92134,92379"}
[UnityCrossThreadLogger]Draft.Notify {"draftId":"22d4d8a4-7965-4a5c-8707-9b43274d7272","SelfPick":3,"SelfPack":2,"PackCards":"92175,92194,92179,92148,92056,92251,92289,92217,92303,92351,92134,92379"}
[UnityCrossThreadLogger]==> EventPlayerDraftMakePick {"id":"c7ad674a-6563-4fe4-9e4a-fa017016c4a1","request":"{\"DraftId\":\"22d4d8a4-7965-4a5c-8707-9b43274d7272\",\"GrpIds\":[92289],\"Pack\":2,\"Pick\":3}"}
[UnityCrossThreadLogger]Draft.Notify {"draftId":"22d4d8a4-7965-4a5c-8707-9b43274d7272","SelfPick":4,"SelfPack":2,"PackCards":"92100,92289,92222,92147,92283,92194,92143,92067,92259,92312,92355"}
[UnityCrossThreadLogger]Draft.Notify {"draftId":"22d4d8a4-7965-4a5c-8707-9b43274d7272","SelfPick":4,"SelfPack":2,"PackCards":"92100,92289,92222,92147,92283,92194,92143,92067,92259,92312,92355"}
[UnityCrossThreadLogger]==> EventPlayerDraftMakePick {"id":"d9e5abe4-2d8d-4195-aecb-0c6c767c796a","request":"{\"DraftId\":\"22d4d8a4-7965-4a5c-8707-9b43274d7272\",\"GrpIds\":[92289],\"Pack\":2,\"Pick\":4}"}
[UnityCrossThreadLogger]Draft.Notify {"draftId":"22d4d8a4-7965-4a5c-8707-9b43274d7272","SelfPick":5,"SelfPack":2,"PackCards":"92128,92167,92100,92352,92222,92274,92369,92094,92265,92378"}
[UnityCrossThreadLogger]Draft.Notify {"draftId":"22d4d8a4-7965-4a5c-8707-9b43274d7272","SelfPick":5,"SelfPack":2,"PackCards":"92128,92167,92100,92352,92222,92274,92369,92094,92265,92378"}
[UnityCrossThreadLogger]==> EventPlayerDraftMakePick {"id":"a0dd55c6-1e27-4b1e-bf12-5230abbecc1c","request":"{\"DraftId\":\"22d4d8a4-7965-4a5c-8707-9b43274d7272\",\"GrpIds\":[92094],\"Pack\":2,\"Pick\":5}"}
[UnityCrossThreadLogger]Draft.Notify {"draftId":"22d4d8a4-7965-4a5c-8707-9b43274d7272","SelfPick":6,"SelfPack":2,"PackCards":"92114,92279,92352,92283,92181,92185,92238,92331,92365"}
[UnityCrossThreadLogger]Draft.Notify {"draftId":"22d4d8a4-7965-4a5c-8707-9b43274d7272","SelfPick":6,"SelfPack":2,"PackCards":"92114,92279,92352,92283,92181,92185,92238,92331,92365"}
[UnityCrossThreadLogger]==> EventPlayerDraftMakePick {"id":"f7f712ad-f1b1-4a92-93ea-19a9a8c4f9f5","request":"{\"DraftId\":\"22d4d8a4-7965-4a5c-8707-9b43274d7272\",\"GrpIds\":[92331],\"Pack\":2,\"Pick\":6}"}
[UnityCrossThreadLogger]Draft.Notify {"draftId":"22d4d8a4-7965-4a5c-8707-9b43274d7272","SelfPick":7,"SelfPack":2,"PackCards":"92173,92085,92279,92224,92290,92240,92319,92381"}
[UnityCrossThreadLogger]Draft.Notify {"draftId":"22d4d8a4-7965-4a5c-8707-9b43274d7272","SelfPick":7,"SelfPack":2,"PackCards":"92173,92085,92279,92224,92290,92240,92319,92381"}
[UnityCrossThreadLogger]==> EventPlayerDraftMakePick {"id":"9c899e0d-3d7d-446b-9bd5-16ac53d6a4db","request":"{\"DraftId\":\"22d4d8a4-7965-4a5c-8707-9b43274d7272\",\"GrpIds\":[92085],\"Pack\":2,\"Pick\":7}"}
[UnityCrossThreadLogger]Draft.Notify {"draftId":"22d4d8a4-7965-4a5c-8707-9b43274d7272","SelfPick":8,"SelfPack":2,"PackCards":"92280,92156,92055,92157,92205,92154,92364"}
[UnityCrossThreadLogger]Draft.Notify {"draftId":"22d4d8a4-7965-4a5c-8707-9b43274d7272","SelfPick":8,"SelfPack":2,"PackCards":"92280,92156,92055,92157,92205,92154,92364"}
[UnityCrossThreadLogger]==> EventPlayerDraftMakePick {"id":"21683c0e-f27a-4193-b5de-b9340948ac56","request":"{\"DraftId\":\"22d4d8a4-7965-4a5c-8707-9b43274d7272\",\"GrpIds\":[92364],\"Pack\":2,\"Pick\":8}"}
[UnityCrossThreadLogger]Draft.Notify {"draftId":"22d4d8a4-7965-4a5c-8707-9b43274d7272","SelfPick":9,"SelfPack":2,"PackCards":"92244,92080,92143,92269,92325,92377"}
[UnityCrossThreadLogger]Draft.Notify {"draftId":"22d4d8a4-7965-4a5c-8707-9b43274d7272","SelfPick":9,"SelfPack":2,"PackCards":"92244,92080,92143,92269,92325,92377"}
[UnityCrossThreadLogger]==> EventPlayerDraftMakePick {"id":"ba78dfd4-0c85-40a1-8c7a-7a846ad1b059","request":"{\"DraftId\":\"22d4d8a4-7965-4a5c-8707-9b43274d7272\",\"GrpIds\":[92325],\"Pack\":2,\"Pick\":9}"}
[UnityCrossThreadLogger]Draft.Notify {"draftId":"22d4d8a4-7965-4a5c-8707-9b43274d7272","SelfPick":10,"SelfPack":2,"PackCards":"92118,92174,92262,92084,92375"}
[UnityCrossThreadLogger]Draft.Notify {"draftId":"22d4d8a4-7965-4a5c-8707-9b43274d7272","SelfPick":10,"SelfPack":2,"PackCards":"92118,92174,92262,92084,92375"}
[UnityCrossThreadLogger]==> EventPlayerDraftMakePick {"id":"1e988837-2e93-48a3-b6c8-751ca2228459","request":"{\"DraftId\":\"22d4d8a4-7965-4a5c-8707-9b43274d7272\",\"GrpIds\":[92084],\"Pack\":2,\"Pick\":10}"}
[UnityCrossThreadLogger]Draft.Notify {"draftId":"22d4d8a4-7965-4a5c-8707-9b43274d7272","SelfPick":11,"SelfPack":2,"PackCards":"92194,92056,92303,92379"}
[UnityCrossThreadLogger]Draft.Notify {"draftId":"22d4d8a4-7965-4a5c-8707-9b43274d7272","SelfPick":11,"SelfPack":2,"PackCards":"92194,92056,92303,92379"}
[UnityCrossThreadLogger]==> EventPlayerDraftMakePick {"id":"26870a08-95e9-4fbd-bb2c-631f3b475540","request":"{\"DraftId\":\"22d4d8a4-7965-4a5c-8707-9b43274d7272\",\"GrpIds\":[92194],\"Pack\":2,\"Pick\":11}"}
[UnityCrossThreadLogger]Draft.Notify {"draftId":"22d4d8a4-7965-4a5c-8707-9b43274d7272","SelfPick":12,"SelfPack":2,"PackCards":"92222,92259,92312"}
[UnityCrossThreadLogger]Draft.Notify {"draftId":"22d4d8a4-7965-4a5c-8707-9b43274d7272","SelfPick":12,"SelfPack":2,"PackCards":"92222,92259,92312"}
[UnityCrossThreadLogger]==> EventPlayerDraftMakePick {"id":"261d93a3-b7dc-4f3e-80b2-63b9cb103c6a","request":"{\"DraftId\":\"22d4d8a4-7965-4a5c-8707-9b43274d7272\",\"GrpIds\":[92259],\"Pack\":2,\"Pick\":12}"}
[UnityCrossThreadLogger]Draft.Notify {"draftId":"22d4d8a4-7965-4a5c-8707-9b43274d7272","SelfPick":13,"SelfPack":2,"PackCards":"92222,92378"}
[UnityCrossThreadLogger]Draft.Notify {"draftId":"22d4d8a4-7965-4a5c-8707-9b43274d7272","SelfPick":13,"SelfPack":2,"PackCards":"92222,92378"}
[UnityCrossThreadLogger]==> EventPlayerDraftMakePick {"id":"67892e28-60ef-402e-baa5-559a763ee52a","request":"{\"DraftId\":\"22d4d8a4-7965-4a5c-8707-9b43274d7272\",\"GrpIds\":[92222],\"Pack\":2,\"Pick\":13}"}
[UnityCrossThreadLogger]Draft.Notify {"draftId":"22d4d8a4-7965-4a5c-8707-9b43274d7272","SelfPick":14,"SelfPack":2,"PackCards":"92365"}
[UnityCrossThreadLogger]Draft.Notify {"draftId":"22d4d8a4-7965-4a5c-8707-9b43274d7272","SelfPick":14,"SelfPack":2,"PackCards":"92365"}
[UnityCrossThreadLogger]==> EventPlayerDraftMakePick {"id":"fc754236-ea2b-4b27-9ec6-b7e79c43c8d3","request":"{\"DraftId\":\"22d4d8a4-7965-4a5c-8707-9b43274d7272\",\"GrpIds\":[92365],\"Pack\":2,\"Pick\":14}"}
[UnityCrossThreadLogger]Draft.Notify {"draftId":"22d4d8a4-7965-4a5c-8707-9b43274d7272","SelfPick":1,"SelfPack":3,"PackCards":"92212,92255,92193,92148,92352,92291,92347,92069,92285,92308,92124,92249,92278,92355"}
[UnityCrossThreadLogger]Draft.Notify {"draftId":"22d4d8a4-7965-4a5c-8707-9b43274d7272","SelfPick":1,"SelfPack":3,"PackCards":"92212,92255,92193,92148,92352,92291,92347,92069,92285,92308,92124,92249,92278,92355"}
[UnityCrossThreadLogger]==> EventPlayerDraftMakePick {"id":"dd9dc408-49a9-4379-982d-c73f68c7d3dd","request":"{\"DraftId\":\"22d4d8a4-7965-4a5c-8707-9b43274d7272\",\"GrpIds\":[92278],\"Pack\":3,\"Pick\":1}"}
[UnityCrossThreadLogger]Draft.Notify {"draftId":"22d4d8a4-7965-4a5c-8707-9b43274d7272","SelfPick":2,"SelfPack":3,"PackCards":"92193,92073,92240,92283,92347,92174,92143,92285,92152,92182,92305,92253,92367"}
[UnityCrossThreadLogger]Draft.Notify {"draftId":"22d4d8a4-7965-4a5c-8707-9b43274d7272","SelfPick":2,"SelfPack":3,"PackCards":"92193,92073,92240,92283,92347,92174,92143,92285,92152,92182,92305,92253,92367"}
[UnityCrossThreadLogger]==> EventPlayerDraftMakePick {"id":"4194a863-7a0a-40f7-b10a-4cd7829fd429","request":"{\"DraftId\":\"22d4d8a4-7965-4a5c-8707-9b43274d7272\",\"GrpIds\":[92073],\"Pack\":3,\"Pick\":2}"}
[UnityCrossThreadLogger]Draft.Notify {"draftId":"22d4d8a4-7965-4a5c-8707-9b43274d7272","SelfPick":3,"SelfPack":3,"PackCards":"92228,92154,92248,92156,92343,92268,92077,92292,92079,92192,92180,92374"}
[UnityCrossThreadLogger]Draft.Notify {"draftId":"22d4d8a4-7965-4a5c-8707-9b43274d7272","SelfPick":3,"SelfPack":3,"PackCards":"92228,92154,92248,92156,92343,92268,92077,92292,92079,92192,92180,92374"}
[UnityCrossThreadLogger]==> EventPlayerDraftMakePick {"id":"be25c8ab-8a19-42a2-9ae1-6e48f00b97ee","request":"{\"DraftId\":\"22d4d8a4-7965-4a5c-8707-9b43274d7272\",\"GrpIds\":[92156],\"Pack\":3,\"Pick\":3}"}
[UnityCrossThreadLogger]Draft.Notify {"draftId":"22d4d8a4-7965-4a5c-8707-9b43274d7272","SelfPick":4,"SelfPack":3,"PackCards":"92244,92194,92120,92352,92260,92351,92183,92113,92214,92338,92379"}
[UnityCrossThreadLogger]Draft.Notify {"draftId":"22d4d8a4-7965-4a5c-8707-9b43274d7272","SelfPick":4,"SelfPack":3,"PackCards":"92244,92194,92120,92352,92260,92351,92183,92113,92214,92338,92379"}
[UnityCrossThreadLogger]==> EventPlayerDraftMakePick {"id":"fc4d075f-5606-439b-8c36-c217a662f495","request":"{\"DraftId\":\"22d4d8a4-7965-4a5c-8707-9b43274d7272\",\"GrpIds\":[92338],\"Pack\":3,\"Pick\":4}"}
[UnityCrossThreadLogger]Draft.Notify {"draftId":"22d4d8a4-7965-4a5c-8707-9b43274d7272","SelfPick":5,"SelfPack":3,"PackCards":"92140,92194,92244,92268,92262,92229,92195,92332,92170,92363"}
[UnityCrossThreadLogger]Draft.Notify {"draftId":"22d4d8a4-7965-4a5c-8707-9b43274d7272","SelfPick":5,"SelfPack":3,"PackCards":"92140,92194,92244,92268,92262,92229,92195,92332,92170,92363"}
[UnityCrossThreadLogger]==> EventPlayerDraftMakePick {"id":"ce8f743b-e1ec-438d-a891-09951f13504b","request":"{\"DraftId\":\"22d4d8a4-7965-4a5c-8707-9b43274d7272\",\"GrpIds\":[92194],\"Pack\":3,\"Pick\":5}"}
[UnityCrossThreadLogger]Draft.Notify {"draftId":"22d4d8a4-7965-4a5c-8707-9b43274d7272","SelfPick":6,"SelfPack":3,"PackCards":"92236,92070,92175,92352,92228,92289,92240,92116,92357"}
[UnityCrossThreadLogger]Draft.Notify {"draftId":"22d4d8a4-7965-4a5c-8707-9b43274d7272","SelfPick":6,"SelfPack":3,"PackCards":"92236,92070,92175,92352,92228,92289,92240,92116,92357"}
[UnityCrossThreadLogger]==> EventPlayerDraftMakePick {"id":"3b16a869-6055-486a-a02e-86af715dc85f","request":"{\"DraftId\":\"22d4d8a4-7965-4a5c-8707-9b43274d7272\",\"GrpIds\":[92289],\"Pack\":3,\"Pick\":6}"}
[UnityCrossThreadLogger]Draft.Notify {"draftId":"22d4d8a4-7965-4a5c-8707-9b43274d7272","SelfPick":7,"SelfPack":3,"PackCards":"92290,92266,92237,92179,92244,92330,92354,92378"}
[UnityCrossThreadLogger]Draft.Notify {"draftId":"22d4d8a4-7965-4a5c-8707-9b43274d7272","SelfPick":7,"SelfPack":3,"PackCards":"92290,92266,92237,92179,92244,92330,92354,92378"}
[UnityCrossThreadLogger]==> EventPlayerDraftMakePick {"id":"f26ce152-91c3-46c7-a4e8-c2830de352a3","request":"{\"DraftId\":\"22d4d8a4-7965-4a5c-8707-9b43274d7272\",\"GrpIds\":[92354],\"Pack\":3,\"Pick\":7}"}
[UnityCrossThreadLogger]Draft.Notify {"draftId":"22d4d8a4-7965-4a5c-8707-9b43274d7272","SelfPick":8,"SelfPack":3,"PackCards":"92240,92114,92174,92260,92194,92257,92364"}
[UnityCrossThreadLogger]Draft.Notify {"draftId":"22d4d8a4-7965-4a5c-8707-9b43274d7272","SelfPick":8,"SelfPack":3,"PackCards":"92240,92114,92174,92260,92194,92257,92364"}
[UnityCrossThreadLogger]==> EventPlayerDraftMakePick {"id":"87ce5ebd-6eb5-49eb-ba89-e7ce3cf38b48","request":"{\"DraftId\":\"22d4d8a4-7965-4a5c-8707-9b43274d7272\",\"GrpIds\":[92364],\"Pack\":3,\"Pick\":8}"}
[UnityCrossThreadLogger]Draft.Notify {"draftId":"22d4d8a4-7965-4a5c-8707-9b43274d7272","SelfPick":9,"SelfPack":3,"PackCards":"92255,92352,92291,92347,92285,92355"}
[UnityCrossThreadLogger]Draft.Notify {"draftId":"22d4d8a4-7965-4a5c-8707-9b43274d7272","SelfPick":9,"SelfPack":3,"PackCards":"92255,92352,92291,92347,92285,92355"}
[UnityCrossThreadLogger]==> EventPlayerDraftMakePick {"id":"62c2c3c7-7aa5-49f0-85cd-f98a50b25b73","request":"{\"DraftId\":\"22d4d8a4-7965-4a5c-8707-9b43274d7272\",\"GrpIds\":[92285],\"Pack\":3,\"Pick\":9}"}
[UnityCrossThreadLogger]Draft.Notify {"draftId":"22d4d8a4-7965-4a5c-8707-9b43274d7272","SelfPick":10,"SelfPack":3,"PackCards":"92240,92174,92182,92305,92367"}
[UnityCrossThreadLogger]Draft.Notify {"draftId":"22d4d8a4-7965-4a5c-8707-9b43274d7272","SelfPick":10,"SelfPack":3,"PackCards":"92240,92174,92182,92305,92367"}
[UnityCrossThreadLogger]==> EventPlayerDraftMakePick {"id":"8adeaa9b-46d8-40d3-9941-7379be969ebb","request":"{\"DraftId\":\"22d4d8a4-7965-4a5c-8707-9b43274d7272\",\"GrpIds\":[92182],\"Pack\":3,\"Pick\":10}"}
[UnityCrossThreadLogger]Draft.Notify {"draftId":"22d4d8a4-7965-4a5c-8707-9b43274d7272","SelfPick":11,"SelfPack":3,"PackCards":"92248,92343,92180,92374"}
[UnityCrossThreadLogger]Draft.Notify {"draftId":"22d4d8a4-7965-4a5c-8707-9b43274d7272","SelfPick":11,"SelfPack":3,"PackCards":"92248,92343,92180,92374"}
[UnityCrossThreadLogger]==> EventPlayerDraftMakePick {"id":"8d8c7a54-efc5-45c5-b4e8-c0954e5c2eee","request":"{\"DraftId\":\"22d4d8a4-7965-4a5c-8707-9b43274d7272\",\"GrpIds\":[92180],\"Pack\":3,\"Pick\":11}"}
[UnityCrossThreadLogger]Draft.Notify {"draftId":"22d4d8a4-7965-4a5c-8707-9b43274d7272","SelfPick":12,"SelfPack":3,"PackCards":"92194,92352,92379"}
[UnityCrossThreadLogger]Draft.Notify {"draftId":"22d4d8a4-7965-4a5c-8707-9b43274d7272","SelfPick":12,"SelfPack":3,"PackCards":"92194,92352,92379"}
[UnityCrossThreadLogger]==> EventPlayerDraftMakePick {"id":"282355f9-b262-4b30-a5ff-882de51e53ed","request":"{\"DraftId\":\"22d4d8a4-7965-4a5c-8707-9b43274d7272\",\"GrpIds\":[92194],\"Pack\":3,\"Pick\":12}"}
[UnityCrossThreadLogger]Draft.Notify {"draftId":"22d4d8a4-7965-4a5c-8707-9b43274d7272","SelfPick":13,"SelfPack":3,"PackCards":"92262,92363"}
[UnityCrossThreadLogger]Draft.Notify {"draftId":"22d4d8a4-7965-4a5c-8707-9b43274d7272","SelfPick":13,"SelfPack":3,"PackCards":"92262,92363"}
[UnityCrossThreadLogger]==> EventPlayerDraftMakePick {"id":"9cb0bae4-1b17-4a57-a5b9-1f0dbd492be6","request":"{\"DraftId\":\"22d4d8a4-7965-4a5c-8707-9b43274d7272\",\"GrpIds\":[92262],\"Pack\":3,\"Pick\":13}"}
[UnityCrossThreadLogger]Draft.Notify {"draftId":"22d4d8a4-7965-4a5c-8707-9b43274d7272","SelfPick":14,"SelfPack":3,"PackCards":"92240"}
[UnityCrossThreadLogger]Draft.Notify {"draftId":"22d4d8a4-7965-4a5c-8707-9b43274d7272","SelfPick":14,"SelfPack":3,"PackCards":"92240"}
[UnityCrossThreadLogger]==> EventPlayerDraftMakePick {"id":"09b45393-ee37-41a2-a33f-602f4c6ab962","request":"{\"DraftId\":\"22d4d8a4-7965-4a5c-8707-9b43274d7272\",\"GrpIds\":[92240],\"Pack\":3,\"Pick\":14}"}
[UnityCrossThreadLogger]==> EventSetDeckV3 {"id":"2bfc2189-b7f2-48bb-b4da-b8694a29fff5","request":"{\"EventName\":\"PremierDraft_DSK_20260721\",\"Summary\":{\"DeckId\":\"3f9d831b-b5b3-415e-a562-b1dc036b5677\",\"Mana\":\"\",\"Name\":\"Draft Deck\",\"Attributes\":[{\"name\":\"Version\",\"value\":\"11\"},{\"name\":\"TileID\",\"value\":\"0\"},{\"name\":\"LastPlayed\",\"value\":\"\\\"0001-01-01T00:00:00\\\"\"},{\"name\":\"LastUpdated\",\"value\":\"\\\"2026-07-24T22:19:51.6594008+02:00\\\"\"},{\"name\":\"IsFavorite\",\"value\":\"false\"},{\"name\":\"Format\",\"value\":\"Draft\"}],\"Description\":null,\"DeckTileId\":0,\"DeckArtId\":448043,\"IsCompanionValid\":false,\"PreferredCosmetics\":{\"Avatar\":\"\",\"Sleeve\":\"CardBack_MOM_429510\",\"Pet\":\"\",\"Title\":\"\",\"Emotes\":[]},\"NetDeckFolderId\":null,\"IsNetDeck\":false,\"checkInbox\":false},\"Deck\":{\"MainDeck\":[{\"cardId\":92098,\"quantity\":1},{\"cardId\":92100,\"quantity\":2},{\"cardId\":92092,\"quantity\":1},{\"cardId\":92087,\"quantity\":1},{\"cardId\":92173,\"quantity\":2},{\"cardId\":92084,\"quantity\":2},{\"cardId\":92167,\"quantity\":1},{\"cardId\":92183,\"quantity\":1},{\"cardId\":92259,\"quantity\":2},{\"cardId\":92088,\"quantity\":1},{\"cardId\":92343,\"quantity\":1},{\"cardId\":92157,\"quantity\":1},{\"cardId\":105174,\"quantity\":4},{\"cardId\":92078,\"quantity\":1},{\"cardId\":92289,\"quantity\":3},{\"cardId\":92094,\"quantity\":1},{\"cardId\":92331,\"quantity\":1},{\"cardId\":92085,\"quantity\":1},{\"cardId\":92364,\"quantity\":2},{\"cardId\":92325,\"quantity\":1},{\"cardId\":92194,\"quantity\":3},{\"cardId\":92222,\"quantity\":1},{\"cardId\":92365,\"quantity\":1},{\"cardId\":92278,\"quantity\":1},{\"cardId\":92073,\"quantity\":1},{\"cardId\":92156,\"quantity\":1},{\"cardId\":92338,\"quantity\":1},{\"cardId\":92354,\"quantity\":1},{\"cardId\":92285,\"quantity\":1},{\"cardId\":92182,\"quantity\":1},{\"cardId\":92180,\"quantity\":1},{\"cardId\":92262,\"quantity\":1},{\"cardId\":92240,\"quantity\":1},{\"cardId\":105178,\"quantity\":4},{\"cardId\":105180,\"quantity\":1},{\"cardId\":80422,\"quantity\":5}],\"Sideboard\":[],\"CommandZone\":[],\"Companions\":[],\"CardSkins\":[]}}"}
[UnityCrossThreadLogger]==> EventSetDeckV3 {"id":"b42d1282-7239-4cbd-9b12-86e515667a2a","request":"{\"EventName\":\"PremierDraft_DSK_20260721\",\"Summary\":{\"DeckId\":\"3f9d831b-b5b3-415e-a562-b1dc036b5677\",\"Mana\":\"\",\"Name\":\"Draft Deck\",\"Attributes\":[{\"name\":\"Version\",\"value\":\"11\"},{\"name\":\"TileID\",\"value\":\"0\"},{\"name\":\"LastPlayed\",\"value\":\"\\\"0001-01-01T00:00:00\\\"\"},{\"name\":\"LastUpdated\",\"value\":\"\\\"2026-07-24T22:20:09.1525771+02:00\\\"\"},{\"name\":\"IsFavorite\",\"value\":\"false\"},{\"name\":\"Format\",\"value\":\"Draft\"}],\"Description\":null,\"DeckTileId\":0,\"DeckArtId\":448043,\"IsCompanionValid\":false,\"PreferredCosmetics\":{\"Avatar\":\"\",\"Sleeve\":\"CardBack_MOM_429510\",\"Pet\":\"\",\"Title\":\"\",\"Emotes\":[]},\"NetDeckFolderId\":null,\"IsNetDeck\":false,\"checkInbox\":false},\"Deck\":{\"MainDeck\":[{\"cardId\":92098,\"quantity\":1},{\"cardId\":92100,\"quantity\":2},{\"cardId\":92092,\"quantity\":1},{\"cardId\":92087,\"quantity\":1},{\"cardId\":92173,\"quantity\":2},{\"cardId\":92084,\"quantity\":2},{\"cardId\":92167,\"quantity\":1},{\"cardId\":92183,\"quantity\":1},{\"cardId\":92259,\"quantity\":2},{\"cardId\":92088,\"quantity\":1},{\"cardId\":92343,\"quantity\":1},{\"cardId\":92157,\"quantity\":1},{\"cardId\":105174,\"quantity\":4},{\"cardId\":92078,\"quantity\":1},{\"cardId\":92289,\"quantity\":3},{\"cardId\":92094,\"quantity\":1},{\"cardId\":92331,\"quantity\":1},{\"cardId\":92085,\"quantity\":1},{\"cardId\":92364,\"quantity\":2},{\"cardId\":92325,\"quantity\":1},{\"cardId\":92194,\"quantity\":3},{\"cardId\":92222,\"quantity\":1},{\"cardId\":92365,\"quantity\":1},{\"cardId\":92278,\"quantity\":1},{\"cardId\":92073,\"quantity\":1},{\"cardId\":92156,\"quantity\":1},{\"cardId\":92338,\"quantity\":1},{\"cardId\":92354,\"quantity\":1},{\"cardId\":92285,\"quantity\":1},{\"cardId\":92182,\"quantity\":1},{\"cardId\":92180,\"quantity\":1},{\"cardId\":92262,\"quantity\":1},{\"cardId\":92240,\"quantity\":1},{\"cardId\":105178,\"quantity\":4},{\"cardId\":105180,\"quantity\":1},{\"cardId\":80422,\"quantity\":5}],\"Sideboard\":[],\"CommandZone\":[],\"Companions\":[],\"CardSkins\":[]}}"}
[UnityCrossThreadLogger]==> EventSetDeckV3 {"id":"80106855-fefa-4818-b218-67bfa4fb05d4","request":"{\"EventName\":\"PremierDraft_DSK_20260721\",\"Summary\":{\"DeckId\":\"3f9d831b-b5b3-415e-a562-b1dc036b5677\",\"Mana\":\"\",\"Name\":\"Draft Deck\",\"Attributes\":[{\"name\":\"Version\",\"value\":\"11\"},{\"name\":\"TileID\",\"value\":\"0\"},{\"name\":\"LastPlayed\",\"value\":\"\\\"0001-01-01T00:00:00\\\"\"},{\"name\":\"LastUpdated\",\"value\":\"\\\"2026-07-24T22:20:58.8771842+02:00\\\"\"},{\"name\":\"IsFavorite\",\"value\":\"false\"},{\"name\":\"Format\",\"value\":\"Draft\"}],\"Description\":null,\"DeckTileId\":0,\"DeckArtId\":448043,\"IsCompanionValid\":false,\"PreferredCosmetics\":{\"Avatar\":\"\",\"Sleeve\":\"CardBack_MOM_429510\",\"Pet\":\"\",\"Title\":\"\",\"Emotes\":[]},\"NetDeckFolderId\":null,\"IsNetDeck\":false,\"checkInbox\":false},\"Deck\":{\"MainDeck\":[{\"cardId\":92098,\"quantity\":1},{\"cardId\":92100,\"quantity\":2},{\"cardId\":92092,\"quantity\":1},{\"cardId\":92087,\"quantity\":1},{\"cardId\":92173,\"quantity\":2},{\"cardId\":92084,\"quantity\":2},{\"cardId\":92167,\"quantity\":1},{\"cardId\":92183,\"quantity\":1},{\"cardId\":92259,\"quantity\":2},{\"cardId\":92088,\"quantity\":1},{\"cardId\":92343,\"quantity\":1},{\"cardId\":92157,\"quantity\":1},{\"cardId\":105174,\"quantity\":4},{\"cardId\":92078,\"quantity\":1},{\"cardId\":92289,\"quantity\":3},{\"cardId\":92094,\"quantity\":1},{\"cardId\":92331,\"quantity\":1},{\"cardId\":92085,\"quantity\":1},{\"cardId\":92364,\"quantity\":2},{\"cardId\":92325,\"quantity\":1},{\"cardId\":92194,\"quantity\":3},{\"cardId\":92222,\"quantity\":1},{\"cardId\":92365,\"quantity\":1},{\"cardId\":92278,\"quantity\":1},{\"cardId\":92073,\"quantity\":1},{\"cardId\":92156,\"quantity\":1},{\"cardId\":92338,\"quantity\":1},{\"cardId\":92354,\"quantity\":1},{\"cardId\":92285,\"quantity\":1},{\"cardId\":92182,\"quantity\":1},{\"cardId\":92180,\"quantity\":1},{\"cardId\":92262,\"quantity\":1},{\"cardId\":92240,\"quantity\":1},{\"cardId\":105178,\"quantity\":4},{\"cardId\":105180,\"quantity\":1},{\"cardId\":80422,\"quantity\":5}],\"Sideboard\":[],\"CommandZone\":[],\"Companions\":[],\"CardSkins\":[]}}"}
[UnityCrossThreadLogger]==> EventSetDeckV3 {"id":"ecaf894b-9f57-4860-a01b-53c6d153bada","request":"{\"EventName\":\"PremierDraft_DSK_20260721\",\"Summary\":{\"DeckId\":\"3f9d831b-b5b3-415e-a562-b1dc036b5677\",\"Mana\":\"\",\"Name\":\"Draft Deck\",\"Attributes\":[{\"name\":\"Version\",\"value\":\"11\"},{\"name\":\"TileID\",\"value\":\"92194\"},{\"name\":\"LastPlayed\",\"value\":\"\\\"0001-01-01T00:00:00\\\"\"},{\"name\":\"LastUpdated\",\"value\":\"\\\"2026-07-24T22:31:22.1857088+02:00\\\"\"},{\"name\":\"IsFavorite\",\"value\":\"false\"},{\"name\":\"Format\",\"value\":\"Draft\"}],\"Description\":null,\"DeckTileId\":92194,\"DeckArtId\":448579,\"IsCompanionValid\":false,\"PreferredCosmetics\":{\"Avatar\":\"\",\"Sleeve\":\"CardBack_MOM_429510\",\"Pet\":\"\",\"Title\":\"\",\"Emotes\":[]},\"NetDeckFolderId\":null,\"IsNetDeck\":false,\"checkInbox\":false},\"Deck\":{\"MainDeck\":[{\"cardId\":92098,\"quantity\":1},{\"cardId\":92100,\"quantity\":2},{\"cardId\":92092,\"quantity\":1},{\"cardId\":92087,\"quantity\":1},{\"cardId\":92173,\"quantity\":2},{\"cardId\":92084,\"quantity\":2},{\"cardId\":92167,\"quantity\":1},{\"cardId\":92183,\"quantity\":1},{\"cardId\":92259,\"quantity\":2},{\"cardId\":92088,\"quantity\":1},{\"cardId\":92157,\"quantity\":1},{\"cardId\":105174,\"quantity\":6},{\"cardId\":92289,\"quantity\":3},{\"cardId\":92094,\"quantity\":1},{\"cardId\":92331,\"quantity\":1},{\"cardId\":92085,\"quantity\":1},{\"cardId\":92364,\"quantity\":2},{\"cardId\":92325,\"quantity\":1},{\"cardId\":92194,\"quantity\":3},{\"cardId\":92156,\"quantity\":1},{\"cardId\":92338,\"quantity\":1},{\"cardId\":92285,\"quantity\":1},{\"cardId\":92182,\"quantity\":1},{\"cardId\":92180,\"quantity\":1},{\"cardId\":105178,\"quantity\":6},{\"cardId\":80422,\"quantity\":3}],\"Sideboard\":[{\"cardId\":92343,\"quantity\":1},{\"cardId\":92078,\"quantity\":1},{\"cardId\":92222,\"quantity\":1},{\"cardId\":92365,\"quantity\":1},{\"cardId\":92278,\"quantity\":1},{\"cardId\":92073,\"quantity\":1},{\"cardId\":92354,\"quantity\":1},{\"cardId\":92262,\"quantity\":1},{\"cardId\":92240,\"quantity\":1}],\"CommandZone\":[],\"Companions\":[],\"CardSkins\":[]}}"}
[UnityCrossThreadLogger]==> EventSetDeckV3 {"id":"f5f7c25d-eab5-422c-b7f7-018773b877e5","request":"{\"EventName\":\"PremierDraft_DSK_20260721\",\"Summary\":{\"DeckId\":\"3f9d831b-b5b3-415e-a562-b1dc036b5677\",\"Mana\":\"\",\"Name\":\"Draft Deck\",\"Attributes\":[{\"name\":\"Version\",\"value\":\"11\"},{\"name\":\"TileID\",\"value\":\"92194\"},{\"name\":\"LastPlayed\",\"value\":\"\\\"0001-01-01T00:00:00\\\"\"},{\"name\":\"LastUpdated\",\"value\":\"\\\"2026-07-24T22:45:50.8835514+02:00\\\"\"},{\"name\":\"IsFavorite\",\"value\":\"false\"},{\"name\":\"Format\",\"value\":\"Draft\"}],\"Description\":null,\"DeckTileId\":92194,\"DeckArtId\":448579,\"IsCompanionValid\":false,\"PreferredCosmetics\":{\"Avatar\":\"\",\"Sleeve\":\"CardBack_MOM_429510\",\"Pet\":\"\",\"Title\":\"\",\"Emotes\":[]},\"NetDeckFolderId\":null,\"IsNetDeck\":false,\"checkInbox\":false},\"Deck\":{\"MainDeck\":[{\"cardId\":92098,\"quantity\":1},{\"cardId\":92100,\"quantity\":2},{\"cardId\":92092,\"quantity\":1},{\"cardId\":92087,\"quantity\":1},{\"cardId\":92173,\"quantity\":2},{\"cardId\":92084,\"quantity\":2},{\"cardId\":92167,\"quantity\":1},{\"cardId\":92259,\"quantity\":1},{\"cardId\":92088,\"quantity\":1},{\"cardId\":92157,\"quantity\":1},{\"cardId\":105174,\"quantity\":6},{\"cardId\":92289,\"quantity\":2},{\"cardId\":92094,\"quantity\":1},{\"cardId\":92331,\"quantity\":1},{\"cardId\":92364,\"quantity\":2},{\"cardId\":92325,\"quantity\":1},{\"cardId\":92194,\"quantity\":2},{\"cardId\":92156,\"quantity\":1},{\"cardId\":92338,\"quantity\":1},{\"cardId\":92180,\"quantity\":1},{\"cardId\":105178,\"quantity\":6},{\"cardId\":80422,\"quantity\":3}],\"Sideboard\":[{\"cardId\":92183,\"quantity\":1},{\"cardId\":92259,\"quantity\":1},{\"cardId\":92289,\"quantity\":1},{\"cardId\":92085,\"quantity\":1},{\"cardId\":92194,\"quantity\":1},{\"cardId\":92285,\"quantity\":1},{\"cardId\":92182,\"quantity\":1},{\"cardId\":92343,\"quantity\":1},{\"cardId\":92078,\"quantity\":1},{\"cardId\":92222,\"quantity\":1},{\"cardId\":92365,\"quantity\":1},{\"cardId\":92278,\"quantity\":1},{\"cardId\":92073,\"quantity\":1},{\"cardId\":92354,\"quantity\":1},{\"cardId\":92262,\"quantity\":1},{\"cardId\":92240,\"quantity\":1}],\"CommandZone\":[],\"Companions\":[],\"CardSkins\":[]}}"}
[UnityCrossThreadLogger]==> EventSetDeckV3 {"id":"c939094e-386d-4f22-b957-a10fa8d21f01","request":"{\"EventName\":\"PremierDraft_DSK_20260721\",\"Summary\":{\"DeckId\":\"3f9d831b-b5b3-415e-a562-b1dc036b5677\",\"Mana\":\"\",\"Name\":\"Draft Deck\",\"Attributes\":[{\"name\":\"Version\",\"value\":\"11\"},{\"name\":\"TileID\",\"value\":\"92194\"},{\"name\":\"LastPlayed\",\"value\":\"\\\"0001-01-01T00:00:00\\\"\"},{\"name\":\"LastUpdated\",\"value\":\"\\\"2026-07-24T22:52:56.9579037+02:00\\\"\"},{\"name\":\"IsFavorite\",\"value\":\"false\"},{\"name\":\"Format\",\"value\":\"Draft\"}],\"Description\":null,\"DeckTileId\":92194,\"DeckArtId\":448579,\"IsCompanionValid\":false,\"PreferredCosmetics\":{\"Avatar\":\"\",\"Sleeve\":\"CardBack_MOM_429510\",\"Pet\":\"\",\"Title\":\"\",\"Emotes\":[]},\"NetDeckFolderId\":null,\"IsNetDeck\":false,\"checkInbox\":false},\"Deck\":{\"MainDeck\":[{\"cardId\":92098,\"quantity\":1},{\"cardId\":92100,\"quantity\":2},{\"cardId\":92092,\"quantity\":1},{\"cardId\":92087,\"quantity\":1},{\"cardId\":92173,\"quantity\":2},{\"cardId\":92084,\"quantity\":2},{\"cardId\":92167,\"quantity\":1},{\"cardId\":92182,\"quantity\":1},{\"cardId\":92088,\"quantity\":1},{\"cardId\":92157,\"quantity\":1},{\"cardId\":105174,\"quantity\":8},{\"cardId\":92183,\"quantity\":1},{\"cardId\":92094,\"quantity\":1},{\"cardId\":92331,\"quantity\":1},{\"cardId\":92364,\"quantity\":2},{\"cardId\":92325,\"quantity\":1},{\"cardId\":92194,\"quantity\":3},{\"cardId\":92156,\"quantity\":1},{\"cardId\":92338,\"quantity\":1},{\"cardId\":92180,\"quantity\":1},{\"cardId\":105178,\"quantity\":7}],\"Sideboard\":[{\"cardId\":92259,\"quantity\":2},{\"cardId\":92289,\"quantity\":3},{\"cardId\":92085,\"quantity\":1},{\"cardId\":92285,\"quantity\":1},{\"cardId\":92343,\"quantity\":1},{\"cardId\":92078,\"quantity\":1},{\"cardId\":92222,\"quantity\":1},{\"cardId\":92365,\"quantity\":1},{\"cardId\":92278,\"quantity\":1},{\"cardId\":92073,\"quantity\":1},{\"cardId\":92354,\"quantity\":1},{\"cardId\":92262,\"quantity\":1},{\"cardId\":92240,\"quantity\":1}],\"CommandZone\":[],\"Companions\":[],\"CardSkins\":[]}}"}
[UnityCrossThreadLogger]==> EventSetDeckV3 {"id":"95fcd078-3188-4776-b454-dc6efbeec3cf","request":"{\"EventName\":\"PremierDraft_DSK_20260721\",\"Summary\":{\"DeckId\":\"3f9d831b-b5b3-415e-a562-b1dc036b5677\",\"Mana\":\"\",\"Name\":\"Draft Deck\",\"Attributes\":[{\"name\":\"Version\",\"value\":\"11\"},{\"name\":\"TileID\",\"value\":\"92194\"},{\"name\":\"LastPlayed\",\"value\":\"\\\"0001-01-01T00:00:00\\\"\"},{\"name\":\"LastUpdated\",\"value\":\"\\\"2026-07-25T10:10:10.0298679+02:00\\\"\"},{\"name\":\"IsFavorite\",\"value\":\"false\"},{\"name\":\"Format\",\"value\":\"Draft\"}],\"Description\":null,\"DeckTileId\":92194,\"DeckArtId\":448579,\"IsCompanionValid\":false,\"PreferredCosmetics\":{\"Avatar\":\"\",\"Sleeve\":\"CardBack_MOM_429510\",\"Pet\":\"\",\"Title\":\"\",\"Emotes\":[]},\"NetDeckFolderId\":null,\"IsNetDeck\":false,\"checkInbox\":false},\"Deck\":{\"MainDeck\":[{\"cardId\":92098,\"quantity\":1},{\"cardId\":92100,\"quantity\":2},{\"cardId\":92092,\"quantity\":1},{\"cardId\":92087,\"quantity\":1},{\"cardId\":92173,\"quantity\":2},{\"cardId\":92084,\"quantity\":2},{\"cardId\":92167,\"quantity\":1},{\"cardId\":92073,\"quantity\":1},{\"cardId\":92088,\"quantity\":1},{\"cardId\":92157,\"quantity\":1},{\"cardId\":105174,\"quantity\":8},{\"cardId\":92183,\"quantity\":1},{\"cardId\":92094,\"quantity\":1},{\"cardId\":92331,\"quantity\":1},{\"cardId\":92364,\"quantity\":2},{\"cardId\":92325,\"quantity\":1},{\"cardId\":92194,\"quantity\":3},{\"cardId\":92156,\"quantity\":1},{\"cardId\":92338,\"quantity\":1},{\"cardId\":92180,\"quantity\":1},{\"cardId\":105178,\"quantity\":7}],\"Sideboard\":[{\"cardId\":92182,\"quantity\":1},{\"cardId\":92259,\"quantity\":2},{\"cardId\":92289,\"quantity\":3},{\"cardId\":92085,\"quantity\":1},{\"cardId\":92285,\"quantity\":1},{\"cardId\":92343,\"quantity\":1},{\"cardId\":92078,\"quantity\":1},{\"cardId\":92222,\"quantity\":1},{\"cardId\":92365,\"quantity\":1},{\"cardId\":92278,\"quantity\":1},{\"cardId\":92354,\"quantity\":1},{\"cardId\":92262,\"quantity\":1},{\"cardId\":92240,\"quantity\":1}],\"CommandZone\":[],\"Companions\":[],\"CardSkins\":[]}}"}
